// Jest Snapshot v1, https://goo.gl/fbAQLP

exports[`ables format snapshot 1`] = `undefined`;

exports[`chr_jobs format snapshot 1`] = `undefined`;

exports[`chr_npcs format snapshot 1`] = `undefined`;

exports[`chr_sets format snapshot 1`] = `undefined`;

exports[`faces format snapshot 1`] = `undefined`;

exports[`folders format snapshot 1`] = `undefined`;

exports[`locales format snapshot 1`] = `undefined`;

exports[`randoms format snapshot 1`] = `undefined`;

exports[`roles format snapshot 1`] = `undefined`;

exports[`sow_roletables format snapshot 1`] = `undefined`;

exports[`tags format snapshot 1`] = `undefined`;
