// Jest Snapshot v1, https://goo.gl/fbAQLP

exports[`work location query for toplevel 1`] = `
model {
  "_id": "静岡県",
  "idx": "静岡県",
  "label": "静岡",
  "name": "静岡県",
  "unit": "県",
}
`;

exports[`work location query for toplevel 2`] = `
model {
  "_id": "静岡県-周智郡",
  "idx": "周智郡",
  "label": "周智",
  "name": "静岡県周智郡",
  "unit": "郡",
  "work_location_id": "静岡県",
}
`;

exports[`work location query for toplevel 3`] = `
model {
  "_id": "静岡県-周智郡-森町",
  "idx": "森町",
  "label": "森",
  "name": "静岡県周智郡森町",
  "unit": "町",
  "work_location_id": "静岡県-周智郡",
}
`;

exports[`work location query for toplevel 4`] = `
model {
  "_id": "静岡県-周智郡-森町-谷中",
  "idx": "谷中",
  "label": "谷中",
  "name": "静岡県周智郡森町谷中",
  "unit": null,
  "work_location_id": "静岡県-周智郡-森町",
}
`;

exports[`work location query size 1`] = `131732`;

exports[`work location query size no zip 1`] = `
model {
  "_id": "大阪府-大阪市-北区-大淀中-梅田-スカイビルタワー-イースト",
  "idx": "イースト",
  "label": "イースト",
  "name": "大阪府大阪市北区大淀中梅田スカイビルタワーイースト",
  "unit": null,
  "work_location_id": "大阪府-大阪市-北区-大淀中-梅田-スカイビルタワー",
}
`;

exports[`work location query size no zip 2`] = `
model {
  "_id": "大阪府-大阪市-北区-大淀中-梅田-スカイビルタワー",
  "idx": "スカイビルタワー",
  "label": "スカイビルタワー",
  "name": "大阪府大阪市北区大淀中梅田スカイビルタワー",
  "unit": null,
  "work_location_id": "大阪府-大阪市-北区-大淀中-梅田",
}
`;

exports[`work location query size no zip 3`] = `
model {
  "_id": "大阪府-大阪市-北区-大淀中-梅田",
  "idx": "梅田",
  "label": "梅田",
  "name": "大阪府大阪市北区大淀中梅田",
  "unit": null,
  "work_location_id": "大阪府-大阪市-北区-大淀中",
}
`;

exports[`work location query size no zip 4`] = `
model {
  "_id": "大阪府-大阪市-北区-大淀中",
  "idx": "大淀中",
  "label": "大淀中",
  "name": "大阪府大阪市北区大淀中",
  "unit": null,
  "work_location_id": "大阪府-大阪市-北区",
}
`;

exports[`work location query size no zip 5`] = `
model {
  "_id": "大阪府-大阪市-北区",
  "idx": "北区",
  "label": "北",
  "name": "大阪府大阪市北区",
  "unit": "区",
  "work_location_id": "大阪府-大阪市",
}
`;

exports[`work location query size no zip 6`] = `
model {
  "_id": "大阪府-大阪市",
  "idx": "大阪市",
  "label": "大阪",
  "name": "大阪府大阪市",
  "unit": "市",
  "work_location_id": "大阪府",
}
`;

exports[`work location query size no zip 7`] = `
model {
  "_id": "大阪府",
  "idx": "大阪府",
  "label": "大阪",
  "name": "大阪府",
  "unit": "府",
}
`;

exports[`work location query size with zip 1`] = `
model {
  "_id": "大阪府-大阪市-北区-大淀中-梅田-スカイビルタワー-イースト-（１階）",
  "idx": "（１階）",
  "jiscode": "27127",
  "label": "（１階）",
  "name": "大阪府大阪市北区大淀中梅田スカイビルタワーイースト（１階）",
  "ruby": "おおさかふおおさかしきたくおおよどなかうめだすかいびるたわーいーすと1かい",
  "unit": null,
  "work_location_id": "大阪府-大阪市-北区-大淀中-梅田-スカイビルタワー-イースト",
  "zipcode": "5316001",
}
`;

exports[`work location query size with zip 2`] = `
model {
  "_id": "大阪府-大阪市-北区-大淀中-梅田-スカイビルタワー-イースト",
  "idx": "イースト",
  "label": "イースト",
  "name": "大阪府大阪市北区大淀中梅田スカイビルタワーイースト",
  "unit": null,
  "work_location_id": "大阪府-大阪市-北区-大淀中-梅田-スカイビルタワー",
}
`;

exports[`work location query size with zip 3`] = `
model {
  "_id": "大阪府-大阪市-北区-大淀中-梅田-スカイビルタワー",
  "idx": "スカイビルタワー",
  "label": "スカイビルタワー",
  "name": "大阪府大阪市北区大淀中梅田スカイビルタワー",
  "unit": null,
  "work_location_id": "大阪府-大阪市-北区-大淀中-梅田",
}
`;

exports[`work location query size with zip 4`] = `
model {
  "_id": "大阪府-大阪市-北区-大淀中-梅田",
  "idx": "梅田",
  "label": "梅田",
  "name": "大阪府大阪市北区大淀中梅田",
  "unit": null,
  "work_location_id": "大阪府-大阪市-北区-大淀中",
}
`;

exports[`work location query size with zip 5`] = `
model {
  "_id": "大阪府-大阪市-北区-大淀中",
  "idx": "大淀中",
  "label": "大淀中",
  "name": "大阪府大阪市北区大淀中",
  "unit": null,
  "work_location_id": "大阪府-大阪市-北区",
}
`;

exports[`work location query size with zip 6`] = `
model {
  "_id": "大阪府-大阪市-北区",
  "idx": "北区",
  "label": "北",
  "name": "大阪府大阪市北区",
  "unit": "区",
  "work_location_id": "大阪府-大阪市",
}
`;

exports[`work location query size with zip 7`] = `
model {
  "_id": "大阪府-大阪市",
  "idx": "大阪市",
  "label": "大阪",
  "name": "大阪府大阪市",
  "unit": "市",
  "work_location_id": "大阪府",
}
`;

exports[`work location query size with zip 8`] = `
model {
  "_id": "大阪府",
  "idx": "大阪府",
  "label": "大阪",
  "name": "大阪府",
  "unit": "府",
}
`;
